REM TestHeader-batch_CAL-1.0-Combined-Work-Exception.expected
REM
REM Copyright (c) 2013 - 2020 Max Muster
REM Copyright (c) 2021 Umbrella Inc
REM All rights reserved.
REM
REM SPDX-License-Identifier: CAL-1.0-Combined-Work-Exception
REM
REM Licensed under the Cryptographic Autonomy License 1.0 (Combined Work Exception)
