<!--
 TestHeader-xml_W3C.expected

 Copyright (c) 2013 - 2020 Max Muster
 Copyright (c) 2021 Umbrella Inc
 All rights reserved.

 SPDX-License-Identifier: W3C

 This work is distributed under the W3C® Software License in the hope
 that it will be useful, but WITHOUT ANY WARRANTY; without even the
 implied warranty of MERCHANTABILITY or FITNESS FOR A PARTICULAR PURPOSE.
-->
