REM
REM TestHeader-batch_Proprietary.expected
REM
REM Copyright (c) 2013 - 2020 Max Muster
REM Copyright (c) 2021 Umbrella Inc
REM All rights reserved.
REM
REM Unauthorized copying of this file, via any medium is strictly prohibited.
REM This file is a proprietary and confidential part of a software product
REM by the authors or part of its connected software and documentation.
REM
REM ANY FILE BEARING THIS HEADER SHALL NOT BE RELEASED TO THE
REM PUBLIC, BE USED, BE MODIFIED OR BE DISTRIBUTED IN ANY WAY
REM WITHOUT WRITTEN PERMISSION OF THE AUTHORS.
REM
