# TestHeader-docstring_Proprietary.expected
#
# Copyright (c) 2013 - 2020 Max Muster
# Copyright (c) 2021 Umbrella Inc
# All rights reserved.
#
# Unauthorized copying of this file, via any medium is strictly prohibited.
# This file is a proprietary and confidential part of a software product
# by the authors or part of its connected software and documentation.
#
# ANY FILE BEARING THIS HEADER SHALL NOT BE RELEASED TO THE
# PUBLIC, BE USED, BE MODIFIED OR BE DISTRIBUTED IN ANY WAY
# WITHOUT WRITTEN PERMISSION OF THE AUTHORS.
