<?xml version="1.0" encoding="UTF-8" standalone="no"?>
<!DOCTYPE svg PUBLIC "-//W3C//DTD SVG 1.1//EN" "http://www.w3.org/Graphics/SVG/1.1/DTD/svg11.dtd">
<!--
 TestTool-bump_shebang_xml.input.xml

 Copyright (c) 2021 Test Guy
 All rights reserved.

 SPDX-License-Identifier: Apache-2.0

 Licensed under the Apache License, Version 2.0 (the "License");
 you may not use this file except in compliance with the License.
 You may obtain a copy of the License at

     http://www.apache.org/licenses/LICENSE-2.0

 Unless required by applicable law or agreed to in writing, software
 distributed under the License is distributed on an "AS IS" BASIS,
 WITHOUT WARRANTIES OR CONDITIONS OF ANY KIND, either express or implied.
 See the License for the specific language governing permissions and
 limitations under the License.
-->

<svg width="100%" height="100%" viewBox="0 0 16 16" version="1.1" xmlns="http://www.w3.org/2000/svg" xmlns:xlink="http://www.w3.org/1999/xlink" xml:space="preserve" style="fill-rule:evenodd;clip-rule:evenodd;stroke-linejoin:round;stroke-miterlimit:1.41421;"><rect id="Icons" x="-254.5" y="-54.5" width="475.5" height="364.5" style="fill:none;"/><path d="M8.598,14.426c-0.123,0.214 -0.351,0.346 -0.598,0.346c-0.247,0 -0.475,-0.132 -0.598,-0.346c-1.485,-2.587 -5.33,-9.283 -6.809,-11.861c-0.123,-0.213 -0.122,-0.475 0.001,-0.688c0.123,-0.213 0.35,-0.344 0.596,-0.344c2.965,0 10.655,0 13.62,0c0.246,0 0.473,0.131 0.596,0.344c0.123,0.213 0.124,0.475 0.001,0.688c-1.479,2.578 -5.324,9.274 -6.809,11.861Z" style="fill:#268bd2;"/></svg>
